Script started on Fri 31 Aug 2018 03:50:49 PM CDT
bash-4.2$ git clone [K[K[K[K[K[K[K[K[K[K ls
git_repo.script  gitRepo.script  project1_lib  Project1Repo  simple.c
bash-4.2$ cd Project1Repo
bash-4.2$ git clone https://github.com/amy0012/Project1_Repo
Cloning into 'Project1_Repo'...
remote: Counting objects: 3, done.[K
remote: Total 3 (delta 0), reused 0 (delta 0), pack-reused 0[K
Unpacking objects:  33% (1/3)   
Unpacking objects:  66% (2/3)   
Unpacking objects: 100% (3/3)   
Unpacking objects: 100% (3/3), done.
bash-4.2$ ls
Project1_Repo
bash-4.2$ cd PR[Kroject1_Repo
bash-4.2$ git status
# On branch master
# Untracked files:
#   (use "git add <file>..." to include in what will be committed)
#
#	LICENSE.md
#	commands.script
#	cpuinfo.txt
#	gdbScript.script
#	interrupts.txt
#	lspci.txt
#	meminfo.txt
#	simple.c/
nothing added to commit but untracked files present (use "git add" to track)
bash-4.2$ git add simple.c
bash-4.2$ git add LICENSE.md
bash-4.2$ git [K[Kt commit -m "[K''i'n'i't'i'a'l' 'p'r'o'j'e'c't' 'v'e'r's'i'o'n'[C
[master f46921a] initial project version
 Committer: Ansleigh M Yancey <amy0012@tux065.eng.auburn.edu>
Your name and email address were configured automatically based
on your username and hostname. Please check that they are accurate.
You can suppress this message by setting them explicitly:

    git config --global user.name "Your Name"
    git config --global user.email you@example.com

After doing this, you may fix the identity used for this commit with:

    git commit --amend --reset-author

 25 files changed, 439 insertions(+)
 create mode 100644 LICENSE.md
 create mode 100644 simple.c/.vs/simple.c/v15/.suo
 create mode 100644 simple.c/.vs/simple.c/v15/Browse.VC.db
 create mode 100644 simple.c/.vs/simple.c/v15/ipch/AutoPCH/e742eaa71d243c55/SIMPLE.ipch
 create mode 100644 simple.c/Debug/simple.c.exe
 create mode 100644 simple.c/Debug/simple.c.ilk
 create mode 100644 simple.c/Debug/simple.c.pdb
 create mode 100644 simple.c/simple.c.sln
 create mode 100644 simple.c/simple.c/Debug/simple.c.Build.CppClean.log
 create mode 100644 simple.c/simple.c/Debug/simple.c.log
 create mode 100644 simple.c/simple.c/Debug/simple.c.tlog/CL.command.1.tlog
 create mode 100644 simple.c/simple.c/Debug/simple.c.tlog/CL.read.1.tlog
 create mode 100644 simple.c/simple.c/Debug/simple.c.tlog/CL.write.1.tlog
 create mode 100644 simple.c/simple.c/Debug/simple.c.tlog/link.command.1.tlog
 create mode 100644 simple.c/simple.c/Debug/simple.c.tlog/link.read.1.tlog
 create mode 100644 simple.c/simple.c/Debug/simple.c.tlog/link.write.1.tlog
 create mode 100644 simple.c/simple.c/Debug/simple.c.tlog/simple.c.lastbuildstate
 create mode 100644 simple.c/simple.c/Debug/simple.obj
 create mode 100644 simple.c/simple.c/Debug/simple.obj.enc
 create mode 100644 simple.c/simple.c/Debug/vc141.idb
 create mode 100644 simple.c/simple.c/Debug/vc141.pdb
 create mode 100644 simple.c/simple.c/simple.c
 create mode 100644 simple.c/simple.c/simple.c.vcxproj
 create mode 100644 simple.c/simple.c/simple.c.vcxproj.filters
 create mode 100644 simple.c/simple.c/simple.c.vcxproj.user
bash-4.2$ git status
# On branch master
# Your branch is ahead of 'origin/master' by 1 commit.
#   (use "git push" to publish your local commits)
#
# Untracked files:
#   (use "git add <file>..." to include in what will be committed)
#
#	commands.script
#	cpuinfo.txt
#	gdbScript.script
#	interrupts.txt
#	lspci.txt
#	meminfo.txt
nothing added to commit but untracked files present (use "git add" to track)
bash-4.2$ git push
warning: push.default is unset; its implicit value is changing in
Git 2.0 from 'matching' to 'simple'. To squelch this message
and maintain the current behavior after the default changes, use:

  git config --global push.default matching

To squelch this message and adopt the new behavior now, use:

  git config --global push.default simple

See 'git help config' and search for 'push.default' for further information.
(the 'simple' mode was introduced in Git 1.7.11. Use the similar mode
'current' instead of 'simple' if you sometimes use older versions of Git)

Username for 'https://github.com': amy0012
Password for 'https://amy0012@github.com': 
Counting objects: 39, done.
Delta compression using up to 16 threads.
Compressing objects:   3% (1/33)   
Compressing objects:   6% (2/33)   
Compressing objects:   9% (3/33)   
Compressing objects:  12% (4/33)   
Compressing objects:  15% (5/33)   
Compressing objects:  18% (6/33)   
Compressing objects:  21% (7/33)   
Compressing objects:  24% (8/33)   
Compressing objects:  27% (9/33)   
Compressing objects:  30% (10/33)   
Compressing objects:  33% (11/33)   
Compressing objects:  36% (12/33)   
Compressing objects:  39% (13/33)   
Compressing objects:  42% (14/33)   
Compressing objects:  45% (15/33)   
Compressing objects:  48% (16/33)   
Compressing objects:  51% (17/33)   
Compressing objects:  54% (18/33)   
Compressing objects:  57% (19/33)   
Compressing objects:  60% (20/33)   
Compressing objects:  63% (21/33)   
Compressing objects:  66% (22/33)   
Compressing objects:  69% (23/33)   
Compressing objects:  72% (24/33)   
Compressing objects:  75% (25/33)   
Compressing objects:  78% (26/33)   
Compressing objects:  81% (27/33)   
Compressing objects:  84% (28/33)   
Compressing objects:  87% (29/33)   
Compressing objects:  90% (30/33)   
Compressing objects:  93% (31/33)   
Compressing objects:  96% (32/33)   
Compressing objects: 100% (33/33)   
Compressing objects: 100% (33/33), done.
Writing objects:   2% (1/38)   
Writing objects:   5% (2/38)   
Writing objects:   7% (3/38)   
Writing objects:  10% (4/38)   
Writing objects:  13% (5/38)   
Writing objects:  15% (6/38)   
Writing objects:  18% (7/38)   
Writing objects:  21% (8/38)   
Writing objects:  23% (9/38)   
Writing objects:  26% (10/38)   
Writing objects:  28% (11/38)   
Writing objects:  31% (12/38)   
Writing objects:  34% (13/38)   
Writing objects:  36% (14/38)   
Writing objects:  39% (15/38)   
Writing objects:  42% (16/38)   
Writing objects:  44% (17/38)   
Writing objects:  47% (18/38)   
Writing objects:  50% (19/38)   
Writing objects:  52% (20/38)   
Writing objects:  55% (21/38)   
Writing objects:  57% (22/38)   
Writing objects:  60% (23/38)   
Writing objects:  63% (24/38)   
Writing objects:  68% (26/38)   
Writing objects:  73% (28/38)   
Writing objects:  76% (29/38)   
Writing objects:  78% (30/38)   
Writing objects:  81% (31/38)   
Writing objects:  84% (32/38)   
Writing objects:  86% (33/38)   
Writing objects:  89% (34/38)   
Writing objects:  92% (35/38)   
Writing objects:  94% (36/38)   
Writing objects:  97% (37/38)   
Writing objects: 100% (38/38)   
Writing objects: 100% (38/38), 1018.42 KiB | 0 bytes/s, done.
Total 38 (delta 6), reused 0 (delta 0)
remote: Resolving deltas:   0% (0/6)   [K
remote: Resolving deltas:  33% (2/6)   [K
remote: Resolving deltas:  50% (3/6)   [K
remote: Resolving deltas:  66% (4/6)   [K
remote: Resolving deltas:  83% (5/6)   [K
remote: Resolving deltas: 100% (6/6)   [K
remote: Resolving deltas: 100% (6/6), done.[K
To https://github.com/amy0012/Project1_Repo
   722ebb4..f46921a  master -> master
bash-4.2$ 
bash-4.2$ git status
# On branch master
# Untracked files:
#   (use "git add <file>..." to include in what will be committed)
#
#	commands.script
#	cpuinfo.txt
#	gdbScript.script
#	interrupts.txt
#	lspci.txt
#	meminfo.txt
nothing added to commit but untracked files present (use "git add" to track)
bash-4.2$ git add *.txt
bash-4.2$ git add*.[K[K *.script
bash-4.2$ git commit-[K -m ''i'n'i't'i'a'l' 'p'r'o'j'e'c't' 'v'e'r's'i'o'n'[C
[master 85c4b5f] initial project version
 Committer: Ansleigh M Yancey <amy0012@tux065.eng.auburn.edu>
Your name and email address were configured automatically based
on your username and hostname. Please check that they are accurate.
You can suppress this message by setting them explicitly:

    git config --global user.name "Your Name"
    git config --global user.email you@example.com

After doing this, you may fix the identity used for this commit with:

    git commit --amend --reset-author

 6 files changed, 925 insertions(+)
 create mode 100644 commands.script
 create mode 100644 cpuinfo.txt
 create mode 100644 gdbScript.script
 create mode 100644 interrupts.txt
 create mode 100644 lspci.txt
 create mode 100644 meminfo.txt
bash-4.2$ git push
warning: push.default is unset; its implicit value is changing in
Git 2.0 from 'matching' to 'simple'. To squelch this message
and maintain the current behavior after the default changes, use:

  git config --global push.default matching

To squelch this message and adopt the new behavior now, use:

  git config --global push.default simple

See 'git help config' and search for 'push.default' for further information.
(the 'simple' mode was introduced in Git 1.7.11. Use the similar mode
'current' instead of 'simple' if you sometimes use older versions of Git)

Username for 'https://github.com': amy0012
Password for 'https://amy0012@github.com': 
Counting objects: 9, done.
Delta compression using up to 16 threads.
Compressing objects:  12% (1/8)   
Compressing objects:  25% (2/8)   
Compressing objects:  37% (3/8)   
Compressing objects:  50% (4/8)   
Compressing objects:  62% (5/8)   
Compressing objects:  75% (6/8)   
Compressing objects:  87% (7/8)   
Compressing objects: 100% (8/8)   
Compressing objects: 100% (8/8), done.
Writing objects:  12% (1/8)   
Writing objects:  25% (2/8)   
Writing objects:  37% (3/8)   
Writing objects:  50% (4/8)   
Writing objects:  62% (5/8)   
Writing objects:  75% (6/8)   
Writing objects:  87% (7/8)   
Writing objects: 100% (8/8)   
Writing objects: 100% (8/8), 7.25 KiB | 0 bytes/s, done.
Total 8 (delta 0), reused 0 (delta 0)

To https://github.com/amy0012/Project1_Repo
   f46921a..85c4b5f  master -> master
bash-4.2$ 
bash-4.2$ git status
# On branch master
# Changes not staged for commit:
#   (use "git add <file>..." to update what will be committed)
#   (use "git checkout -- <file>..." to discard changes in working directory)
#
#	modified:   meminfo.txt
#
no changes added to commit (use "git add" and/or "git commit -a")
bash-4.2$
bash-4.2$
bash-4.2$
bash-4.2$ git diff
[?1h=
diff --git a/meminfo.txt b/meminfo.txt[m
index 032c34c..5966faf 100644[m
--- a/meminfo.txt[m
+++ b/meminfo.txt[m
@@ -42,4 +42,6 @@ HugePages_Rsvd:        0[m
 HugePages_Surp:        0[m
 Hugepagesize:       2048 kB[m
 DirectMap4k:      266852 kB[m
-DirectMap2M:    24889344 kB[m
\ No newline at end of file[m
+DirectMap2M:    24889344 kB[m
+[m
+THIS IS A CHANGE TO A FILE![m
\ No newline at end of file[m

[K[?1l>bash-4.2$ c[Kgit commit -,[Km ''i'n'i't'i'a'l' 'p'r'o'j'e'c't' 'v'e'r's'i'o'n'[C
# On branch master
# Changes not staged for commit:
#   (use "git add <file>..." to update what will be committed)
#   (use "git checkout -- <file>..." to discard changes in working directory)
#
#	modified:   meminfo.txt
#
no changes added to commit (use "git add" and/or "git commit -a")
bash-4.2$ add meminfo.txt        gadd meminfo.txt
[C[C[C[C[C[C[C[C[C[C[Ciadd meminfo.txt
[C[C[C[C[C[C[C[C[C[C[C[Ctadd meminfo.txt
[C[C[C[C[C[C[C[C[C[C[C[C[C add meminfo.txt[C[C[C[C[C[C[C[C[C[C[C[C[C[C[C      
bash-4.2$ git commit -m ''i'n'i't'i'a'l' 'p'r'o'j'e'c't' 'v'e'r's'i'o'n'[C
[master c64372c] initial project version
 Committer: Ansleigh M Yancey <amy0012@tux065.eng.auburn.edu>
Your name and email address were configured automatically based
on your username and hostname. Please check that they are accurate.
You can suppress this message by setting them explicitly:

    git config --global user.name "Your Name"
    git config --global user.email you@example.com

After doing this, you may fix the identity used for this commit with:

    git commit --amend --reset-author

 1 file changed, 3 insertions(+), 1 deletion(-)
bash-4.2$ git push
warning: push.default is unset; its implicit value is changing in
Git 2.0 from 'matching' to 'simple'. To squelch this message
and maintain the current behavior after the default changes, use:

  git config --global push.default matching

To squelch this message and adopt the new behavior now, use:

  git config --global push.default simple

See 'git help config' and search for 'push.default' for further information.
(the 'simple' mode was introduced in Git 1.7.11. Use the similar mode
'current' instead of 'simple' if you sometimes use older versions of Git)

Username for 'https://github.com': amy0012
Password for 'https://amy0012@github.com': 
remote: Invalid username or password.
fatal: Authentication failed for 'https://github.com/amy0012/Project1_Repo/'
bash-4.2$ git push
warning: push.default is unset; its implicit value is changing in
Git 2.0 from 'matching' to 'simple'. To squelch this message
and maintain the current behavior after the default changes, use:

  git config --global push.default matching

To squelch this message and adopt the new behavior now, use:

  git config --global push.default simple

See 'git help config' and search for 'push.default' for further information.
(the 'simple' mode was introduced in Git 1.7.11. Use the similar mode
'current' instead of 'simple' if you sometimes use older versions of Git)

Username for 'https://github.com': amy0012
Password for 'https://amy0012@github.com': 
Counting objects: 5, done.
Delta compression using up to 16 threads.
Compressing objects:  33% (1/3)   
Compressing objects:  66% (2/3)   
Compressing objects: 100% (3/3)   
Compressing objects: 100% (3/3), done.
Writing objects:  33% (1/3)   
Writing objects:  66% (2/3)   
Writing objects: 100% (3/3)   
Writing objects: 100% (3/3), 336 bytes | 0 bytes/s, done.
Total 3 (delta 2), reused 0 (delta 0)
remote: Resolving deltas:   0% (0/2)   [K
remote: Resolving deltas:  50% (1/2)   [K
remote: Resolving deltas: 100% (2/2)   [K
remote: Resolving deltas: 100% (2/2), completed with 2 local objects.[K

To https://github.com/amy0012/Project1_Repo
   85c4b5f..c64372c  master -> master
bash-4.2$ 
bash-4.2$ git log
[?1h=
commit c64372cc17e9613a11a48ca37192caf8c1b0cac6[m
Author: Ansleigh M Yancey <amy0012@tux065.eng.auburn.edu>[m
Date:   Fri Aug 31 16:04:08 2018 -0500[m
[m
    initial project version[m
[m
commit 85c4b5f6bb8ea15f48a9d06ac7bfaafc6de0a909[m
Author: Ansleigh M Yancey <amy0012@tux065.eng.auburn.edu>[m
Date:   Fri Aug 31 16:01:25 2018 -0500[m
[m
    initial project version[m
[m
commit f46921afeefa2d1fcd71795aeb2d0e341f902374[m
Author: Ansleigh M Yancey <amy0012@tux065.eng.auburn.edu>[m
Date:   Fri Aug 31 15:59:45 2018 -0500[m
[m
    initial project version[m
[m
commit 722ebb416fcc39324bee70c91628b8f828102b94[m
Author: amy0012 <35613028+amy0012@users.noreply.github.com>[m
Date:   Fri Aug 31 13:50:11 2018 -0700[m
[m
    Initial commit[m

bash-4.2$ exit[K[K[K[K   git add README.md
bash-4.2$ git[K[K[K git commit -m ""[K[K''I'n'i''[K'[K'[Ki'n'i't'i'a'l' 'p'r'o'j'e'c't' 'v'e'r's'i'o'n'[C
# On branch master
nothing to commit, working directory clean
bash-4.2$ exit
exit

Script done on Fri 31 Aug 2018 04:06:44 PM CDT
