Script started on Fri 31 Aug 2018 04:22:59 PM CDT
bash-4.2$ ls
Debug  programOutput.script  simple.c  simple.c.sln
bash-4.2$ gcc -g - [Klm -o simple.[K simple.c
[01m[Kcc1:[m[K [01;31m[Kfatal error: [m[Ksimple.c: No such file or directory
compilation terminated.
bash-4.2$ ls
Debug  programOutput.script  simple.c  simple.c.sln
bash-4.2$ cd simple.c
bash-4.2$ ls
Debug  simple.c  simple.c.vcxproj  simple.c.vcxproj.filters  simple.c.vcxproj.user
bash-4.2$ lscd simple.cls[Kgcc -g -lm -o simple simple.c
bash-4.2$ ./simple
2.246828bash-4.2$ 
bash-4.2$ exit
exit

Script done on Fri 31 Aug 2018 04:24:11 PM CDT
